2026-03-10 18:54:58 [INFO] Starting backup process...
2026-03-10 18:54:58 [INFO] Source: C:\Users\olamo\PowerShell-IT-Automation
2026-03-10 18:54:58 [INFO] Destination: C:\Users\olamo\PowerShell-IT-Automation\backups
2026-03-10 18:54:58 [INFO] Retention: 7 days
2026-03-10 18:54:58 [INFO] 
2026-03-10 18:54:58 [SUCCESS] Created backup folder: C:\Users\olamo\PowerShell-IT-Automation\backups\2026-03-10_185458
2026-03-10 18:54:58 [INFO] Checking available disk space...
2026-03-10 18:54:59 [INFO] Source size: 1.18 MB
2026-03-10 18:54:59 [INFO] Free space on C: : 140.26 GB
2026-03-10 18:54:59 [INFO] 
2026-03-10 18:54:59 [INFO] ============================================
2026-03-10 18:54:59 [INFO]   COPYING FILES
2026-03-10 18:54:59 [INFO] ============================================
2026-03-10 18:54:59 [INFO] Backing up: scripts
2026-03-10 18:54:59 [SUCCESS]   Copied 4 files (0.03 MB)
2026-03-10 18:54:59 [INFO] Backing up: data
2026-03-10 18:54:59 [SUCCESS]   Copied 1 files (0 MB)
2026-03-10 18:54:59 [INFO] Backing up: modules
2026-03-10 18:54:59 [SUCCESS]   Copied 0 files (0 MB)
2026-03-10 18:54:59 [INFO] Backing up: logs
