2026-03-10 19:35:44 [INFO] --- CHECK #1 at 19:35:44 ---
2026-03-10 19:35:44 [WARNING]   Attempting restart (1/3): Windows Time
2026-03-10 19:35:44 [ERROR]   Restart failed: Service 'Windows Time (W32Time)' cannot be started due to the following error: Cannot open 'W32Time' service on computer '.'.
2026-03-10 19:35:44 [INFO] Status: 6/7 services running
2026-03-10 19:35:44 [INFO] 
2026-03-10 19:36:14 [INFO] --- CHECK #2 at 19:36:14 ---
2026-03-10 19:36:14 [WARNING]   Attempting restart (2/3): Windows Time
2026-03-10 19:36:14 [ERROR]   Restart failed: Service 'Windows Time (W32Time)' cannot be started due to the following error: Cannot open 'W32Time' service on computer '.'.
2026-03-10 19:36:14 [INFO] Status: 6/7 services running
2026-03-10 19:36:14 [INFO] 
2026-03-10 19:36:44 [INFO] --- CHECK #3 at 19:36:44 ---
2026-03-10 19:36:44 [WARNING]   Attempting restart (3/3): Windows Time
2026-03-10 19:36:44 [ERROR]   Restart failed: Service 'Windows Time (W32Time)' cannot be started due to the following error: Cannot open 'W32Time' service on computer '.'.
2026-03-10 19:36:44 [ALERT]   MAX RESTART ATTEMPTS REACHED: Windows Time
2026-03-10 19:36:44 [ALERT]   *** ESCALATION REQUIRED - Notify on-call engineer ***
2026-03-10 19:36:45 [INFO] Status: 6/7 services running
2026-03-10 19:36:45 [INFO] 
2026-03-10 19:37:15 [INFO] --- CHECK #4 at 19:37:15 ---
2026-03-10 19:37:15 [INFO] Status: 6/7 services running
2026-03-10 19:37:15 [INFO] 
2026-03-10 19:37:45 [INFO] --- CHECK #5 at 19:37:45 ---
2026-03-10 19:37:45 [INFO] Status: 6/7 services running
2026-03-10 19:37:45 [INFO] 
2026-03-10 19:38:15 [INFO] --- CHECK #6 at 19:38:15 ---
2026-03-10 19:38:15 [INFO] Status: 6/7 services running
2026-03-10 19:38:15 [INFO] 
2026-03-10 19:38:45 [INFO] ============================================
2026-03-10 19:38:45 [INFO]   MONITORING SESSION COMPLETE
2026-03-10 19:38:45 [INFO] ============================================
2026-03-10 19:38:45 [INFO]   Duration: 3 minutes
2026-03-10 19:38:45 [INFO]   Total Checks: 6
2026-03-10 19:38:45 [INFO] 
2026-03-10 19:38:45 [INFO]   SERVICE SUMMARY:
2026-03-10 19:38:45 [INFO]     Print Spooler: 100% uptime | Restart attempts: 0
2026-03-10 19:38:45 [INFO]     Windows Time: 0% uptime | Restart attempts: 3
2026-03-10 19:38:45 [INFO]     Windows Event Log: 100% uptime | Restart attempts: 0
2026-03-10 19:38:45 [INFO]     DHCP Client: 100% uptime | Restart attempts: 0
2026-03-10 19:38:45 [INFO]     DNS Client: 100% uptime | Restart attempts: 0
2026-03-10 19:38:45 [INFO]     WinRM: 100% uptime | Restart attempts: 0
2026-03-10 19:38:45 [INFO]     Windows Update: 100% uptime | Restart attempts: 0
2026-03-10 19:38:45 [INFO] 
2026-03-10 19:38:45 [INFO]   Report exported: ..\logs\servicemonitor_report_20260310.csv
2026-03-10 19:38:45 [INFO] ============================================
2026-03-10 19:38:45 [INFO]   MONITOR COMPLETE
2026-03-10 19:38:45 [INFO] ============================================
